{
    "name": "SOMENAME",
    "ip": "192.168.0.1",
    "mac": "00:16:3e:00:00:01"
}
